[2020-04-20T12:23:36.429-0300][0.022s][info][gc] Using Serial
[2020-04-20T12:24:04.762-0300][28.366s][info][gc] GC(0) Pause Young (Allocation Failure) 127M->51M(494M) 86.152ms
[2020-04-20T12:24:40.315-0300][63.921s][info][gc] GC(1) Pause Young (Allocation Failure) 187M->112M(494M) 150.458ms
[2020-04-20T12:25:11.956-0300][95.561s][info][gc] GC(2) Pause Young (Allocation Failure) 232M->167M(494M) 93.161ms
[2020-04-20T12:25:45.972-0300][129.576s][info][gc] GC(3) Pause Young (Allocation Failure) 304M->253M(494M) 133.914ms
[2020-04-20T12:26:13.835-0300][157.438s][info][gc] GC(4) Pause Young (Allocation Failure) 389M->347M(494M) 137.961ms
[2020-04-20T12:27:00.226-0300][203.828s][info][gc] GC(6) Pause Full (Allocation Failure) 483M->356M(494M) 600.304ms
[2020-04-20T12:27:00.226-0300][203.828s][info][gc] GC(5) Pause Young (Allocation Failure) 483M->356M(494M) 600.423ms
[2020-04-20T12:27:20.679-0300][224.281s][info][gc] GC(7) Pause Full (Allocation Failure) 494M->412M(494M) 624.940ms
[2020-04-20T12:27:49.431-0300][253.032s][info][gc] GC(8) Pause Full (Allocation Failure) 494M->463M(494M) 644.788ms
[2020-04-20T12:28:00.761-0300][264.361s][info][gc] GC(9) Pause Full (Allocation Failure) 494M->468M(494M) 771.318ms
[2020-04-20T12:28:11.091-0300][274.691s][info][gc] GC(10) Pause Full (Allocation Failure) 494M->486M(494M) 818.456ms
[2020-04-20T12:28:14.552-0300][278.152s][info][gc] GC(11) Pause Full (Allocation Failure) 494M->491M(494M) 675.245ms
[2020-04-20T12:28:16.452-0300][280.052s][info][gc] GC(12) Pause Full (Allocation Failure) 494M->492M(494M) 711.743ms
[2020-04-20T12:28:18.247-0300][281.847s][info][gc] GC(13) Pause Full (Allocation Failure) 494M->488M(494M) 1007.038ms
[2020-04-20T12:28:20.990-0300][284.590s][info][gc] GC(14) Pause Full (Allocation Failure) 494M->494M(494M) 753.643ms
[2020-04-20T12:28:22.060-0300][285.660s][info][gc] GC(15) Pause Full (Allocation Failure) 494M->494M(494M) 678.465ms
[2020-04-20T12:28:22.754-0300][286.354s][info][gc] GC(16) Pause Full (Allocation Failure) 494M->494M(494M) 694.297ms
[2020-04-20T12:28:23.432-0300][287.032s][info][gc] GC(17) Pause Full (Allocation Failure) 494M->492M(494M) 677.284ms
[2020-04-20T12:28:25.328-0300][288.928s][info][gc] GC(18) Pause Full (Allocation Failure) 494M->494M(494M) 703.573ms
[2020-04-20T12:28:26.017-0300][289.617s][info][gc] GC(19) Pause Full (Allocation Failure) 494M->494M(494M) 686.327ms
[2020-04-20T12:28:26.738-0300][290.338s][info][gc] GC(20) Pause Full (Allocation Failure) 494M->494M(494M) 720.316ms
[2020-04-20T12:28:27.418-0300][291.017s][info][gc] GC(21) Pause Full (Allocation Failure) 494M->493M(494M) 679.463ms
[2020-04-20T12:28:28.506-0300][292.105s][info][gc] GC(22) Pause Full (Allocation Failure) 494M->494M(494M) 688.953ms
[2020-04-20T12:28:29.219-0300][292.818s][info][gc] GC(23) Pause Full (Allocation Failure) 494M->494M(494M) 712.627ms
[2020-04-20T12:28:30.019-0300][293.619s][info][gc] GC(24) Pause Full (Allocation Failure) 494M->494M(494M) 800.146ms
[2020-04-20T12:28:31.213-0300][294.812s][info][gc] GC(25) Pause Full (Allocation Failure) 494M->494M(494M) 798.990ms
[2020-04-20T12:28:31.910-0300][295.510s][info][gc] GC(26) Pause Full (Allocation Failure) 494M->494M(494M) 694.722ms
[2020-04-20T12:28:32.642-0300][296.242s][info][gc] GC(27) Pause Full (Allocation Failure) 494M->494M(494M) 731.622ms
[2020-04-20T12:28:33.327-0300][296.927s][info][gc] GC(28) Pause Full (Allocation Failure) 494M->494M(494M) 685.202ms
[2020-04-20T12:28:34.037-0300][297.636s][info][gc] GC(29) Pause Full (Allocation Failure) 494M->494M(494M) 706.051ms
[2020-04-20T12:28:34.733-0300][298.332s][info][gc] GC(30) Pause Full (Allocation Failure) 494M->494M(494M) 694.193ms
[2020-04-20T12:28:35.426-0300][299.025s][info][gc] GC(31) Pause Full (Allocation Failure) 494M->494M(494M) 692.820ms
[2020-04-20T12:28:36.118-0300][299.718s][info][gc] GC(32) Pause Full (Allocation Failure) 494M->494M(494M) 690.618ms
[2020-04-20T12:28:36.909-0300][300.509s][info][gc] GC(33) Pause Full (Allocation Failure) 494M->494M(494M) 790.742ms
[2020-04-20T12:28:37.743-0300][301.342s][info][gc] GC(34) Pause Full (Allocation Failure) 494M->494M(494M) 833.441ms
[2020-04-20T12:28:38.512-0300][302.111s][info][gc] GC(35) Pause Full (Allocation Failure) 494M->494M(494M) 768.901ms
[2020-04-20T12:28:39.273-0300][302.872s][info][gc] GC(36) Pause Full (Allocation Failure) 494M->494M(494M) 760.549ms
[2020-04-20T12:28:39.949-0300][303.549s][info][gc] GC(37) Pause Full (Allocation Failure) 494M->494M(494M) 676.690ms
[2020-04-20T12:28:40.707-0300][304.307s][info][gc] GC(38) Pause Full (Allocation Failure) 494M->494M(494M) 757.661ms
[2020-04-20T12:28:41.439-0300][305.039s][info][gc] GC(39) Pause Full (Allocation Failure) 494M->494M(494M) 731.769ms
[2020-04-20T12:28:41.540-0300][305.139s][info][gc] GC(40) Pause Full (Allocation Failure) 494M->2M(494M) 100.071ms
